Component: ARM Compiler 5.05 update 2 (build 169) Tool: armlink [4d0f33]

==============================================================================

Section Cross References

    startup_stm32f10x_hd.o(RESET) refers to startup_stm32f10x_hd.o(STACK) for __initial_sp
    startup_stm32f10x_hd.o(RESET) refers to startup_stm32f10x_hd.o(.text) for Reset_Handler
    startup_stm32f10x_hd.o(RESET) refers to stm32f10x_it.o(.text) for NMI_Handler
    startup_stm32f10x_hd.o(RESET) refers to key.o(.text) for EXTI3_IRQHandler
    startup_stm32f10x_hd.o(RESET) refers to tim2.o(.text) for TIM2_IRQHandler
    startup_stm32f10x_hd.o(RESET) refers to tim3.o(.text) for TIM3_IRQHandler
    startup_stm32f10x_hd.o(RESET) refers to bsp_usart.o(.text) for USART1_IRQHandler
    startup_stm32f10x_hd.o(RESET) refers to bsp_usart3.o(.text) for USART3_IRQHandler
    startup_stm32f10x_hd.o(RESET) refers to uart4.o(.text) for UART4_IRQHandler
    startup_stm32f10x_hd.o(RESET) refers to uart5.o(.text) for UART5_IRQHandler
    startup_stm32f10x_hd.o(RESET) refers to tim6.o(.text) for TIM6_IRQHandler
    startup_stm32f10x_hd.o(RESET) refers to tim7.o(.text) for TIM7_IRQHandler
    startup_stm32f10x_hd.o(.text) refers to system_stm32f10x.o(.text) for SystemInit
    startup_stm32f10x_hd.o(.text) refers to entry.o(.ARM.Collect$$$$00000000) for __main
    system_stm32f10x.o(.text) refers to system_stm32f10x.o(.data) for SystemCoreClock
    stm32f10x_adc.o(.text) refers to stm32f10x_rcc.o(.text) for RCC_APB2PeriphResetCmd
    stm32f10x_bkp.o(.text) refers to stm32f10x_rcc.o(.text) for RCC_BackupResetCmd
    stm32f10x_can.o(.text) refers to stm32f10x_rcc.o(.text) for RCC_APB1PeriphResetCmd
    stm32f10x_cec.o(.text) refers to stm32f10x_rcc.o(.text) for RCC_APB1PeriphResetCmd
    stm32f10x_dac.o(.text) refers to stm32f10x_rcc.o(.text) for RCC_APB1PeriphResetCmd
    stm32f10x_gpio.o(.text) refers to stm32f10x_rcc.o(.text) for RCC_APB2PeriphResetCmd
    stm32f10x_i2c.o(.text) refers to stm32f10x_rcc.o(.text) for RCC_APB1PeriphResetCmd
    stm32f10x_pwr.o(.text) refers to stm32f10x_rcc.o(.text) for RCC_APB1PeriphResetCmd
    stm32f10x_rcc.o(.text) refers to stm32f10x_rcc.o(.data) for APBAHBPrescTable
    stm32f10x_spi.o(.text) refers to stm32f10x_rcc.o(.text) for RCC_APB2PeriphResetCmd
    stm32f10x_tim.o(.text) refers to stm32f10x_rcc.o(.text) for RCC_APB2PeriphResetCmd
    stm32f10x_usart.o(.text) refers to stm32f10x_rcc.o(.text) for RCC_APB2PeriphResetCmd
    stm32f10x_wwdg.o(.text) refers to stm32f10x_rcc.o(.text) for RCC_APB1PeriphResetCmd
    main.o(.text) refers to bsp_systick.o(.text) for Delay_us
    main.o(.text) refers to oled.o(.text) for OLED_Init
    main.o(.text) refers to bsp_usart.o(.text) for USART_Config
    main.o(.text) refers to led.o(.text) for led_init
    main.o(.text) refers to key.o(.text) for key_init
    main.o(.text) refers to iic.o(.text) for IIC_GPIO_Init
    main.o(.text) refers to inv_mpu.o(.text) for mpu_dmp_init
    main.o(.text) refers to fadd.o(.text) for __aeabi_fsub
    main.o(.text) refers to fflti.o(.text) for __aeabi_i2f
    main.o(.text) refers to fdiv.o(.text) for __aeabi_fdiv
    main.o(.text) refers to tim4.o(.text) for TIM4_Init
    main.o(.text) refers to tim6.o(.text) for TIM6_Init
    main.o(.text) refers to hongwai.o(.text) for hongwai_init
    main.o(.text) refers to cfcmple.o(.text) for __aeabi_cfcmpeq
    main.o(.text) refers to uart4.o(.text) for UART_Config4
    main.o(.text) refers to uart5.o(.text) for UART_Config5
    main.o(.text) refers to tim1.o(.text) for TIM1_Init
    main.o(.text) refers to tim8.o(.text) for TIM8_Init
    main.o(.text) refers to stm32f10x_tim.o(.text) for TIM_SetCompare1
    main.o(.text) refers to openmv.o(.text) for Openmv_Init
    main.o(.text) refers to motor.o(.text) for new_chumen
    main.o(.text) refers to new_struct.o(.text) for Observing_color
    main.o(.text) refers to main.o(.data) for yaw
    main.o(.text) refers to openmv.o(.data) for Openmv_Mode
    main.o(.text) refers to uart5.o(.data) for order_1
    stm32f10x_it.o(.text) refers to bsp_systick.o(.text) for TimingDelay_Decrement
    bsp_systick.o(.text) refers to system_stm32f10x.o(.data) for SystemCoreClock
    bsp_systick.o(.text) refers to bsp_systick.o(.data) for TimingDelay
    bsp_usart.o(.text) refers to misc.o(.text) for NVIC_PriorityGroupConfig
    bsp_usart.o(.text) refers to stm32f10x_rcc.o(.text) for RCC_APB2PeriphClockCmd
    bsp_usart.o(.text) refers to stm32f10x_gpio.o(.text) for GPIO_Init
    bsp_usart.o(.text) refers to stm32f10x_usart.o(.text) for USART_Init
    bsp_usart.o(.text) refers to bsp_usart.o(.data) for UART_RxPtr
    bsp_usart.o(.text) refers to bsp_usart.o(.bss) for UART_RxBuffer
    bsp_usart3.o(.text) refers to misc.o(.text) for NVIC_PriorityGroupConfig
    bsp_usart3.o(.text) refers to stm32f10x_rcc.o(.text) for RCC_APB2PeriphClockCmd
    bsp_usart3.o(.text) refers to stm32f10x_gpio.o(.text) for GPIO_Init
[...]
    IIC_SendByte                             0x08006405   Thumb Code   110  iic.o(.text)
    IIC_ReadByte                             0x08006473   Thumb Code   104  iic.o(.text)
    IIC_ReadByteFromSlave                    0x080064db   Thumb Code    74  iic.o(.text)
    IIC_WriteByteToSlave                     0x08006525   Thumb Code    70  iic.o(.text)
    IIC_ReadMultByteFromSlave                0x0800656b   Thumb Code   114  iic.o(.text)
    IIC_WriteMultByteToSlave                 0x080065dd   Thumb Code    90  iic.o(.text)
    hongwai_init                             0x0800663d   Thumb Code    60  hongwai.o(.text)
    UART_Config4                             0x080066ab   Thumb Code   136  uart4.o(.text)
    UART4_IRQHandler                         0x08006733   Thumb Code   156  uart4.o(.text)
    UART_Config5                             0x08006809   Thumb Code   140  uart5.o(.text)
    UART5_IRQHandler                         0x08006895   Thumb Code   616  uart5.o(.text)
    Color_judgement                          0x08006afd   Thumb Code   388  uart5.o(.text)
    all_oled                                 0x08006c8d   Thumb Code   602  motor.o(.text)
    chumen                                   0x08006ee7   Thumb Code   122  motor.o(.text)
    order                                    0x08006f61   Thumb Code   102  motor.o(.text)
    quzhaoerweima                            0x08006fc7   Thumb Code   102  motor.o(.text)
    red_123                                  0x0800702d   Thumb Code   184  motor.o(.text)
    downred_123                              0x080070e5   Thumb Code    62  motor.o(.text)
    returnred_123                            0x08007123   Thumb Code    96  motor.o(.text)
    green_123                                0x08007183   Thumb Code    98  motor.o(.text)
    downgreen_123                            0x080071e5   Thumb Code    62  motor.o(.text)
    returngreen_123                          0x08007223   Thumb Code    96  motor.o(.text)
    blue_123                                 0x08007283   Thumb Code    34  motor.o(.text)
    downblue_123                             0x080072a5   Thumb Code   120  motor.o(.text)
    returnblue_123                           0x0800731d   Thumb Code    88  motor.o(.text)
    fromtake_tohome                          0x08007375   Thumb Code    68  motor.o(.text)
    code_mid                                 0x080073b9   Thumb Code   164  motor.o(.text)
    mid_place                                0x0800745d   Thumb Code   218  motor.o(.text)
    mid_place_bian                           0x08007537   Thumb Code    74  motor.o(.text)
    place_mid                                0x08007581   Thumb Code   210  motor.o(.text)
    place_start                              0x08007653   Thumb Code   100  motor.o(.text)
    new_chumen                               0x080076b7   Thumb Code    46  motor.o(.text)
    new_qrcode                               0x080076e5   Thumb Code    84  motor.o(.text)
    new_qrget                                0x08007739   Thumb Code   288  motor.o(.text)
    new_placemid                             0x08007859   Thumb Code   210  motor.o(.text)
    new_placeedge                            0x0800792b   Thumb Code   160  motor.o(.text)
    new_getmid                               0x080079cb   Thumb Code   210  motor.o(.text)
    gohome                                   0x08007a9d   Thumb Code    90  motor.o(.text)
    TIM7_Init                                0x08007b83   Thumb Code    12  tim7.o(.text)
    TIM7_IRQHandler                          0x08007b8f   Thumb Code  1048  tim7.o(.text)
    Observation_center                       0x08007fad   Thumb Code    52  steer.o(.text)
    Observe_the_right_side                   0x08007fe1   Thumb Code    30  steer.o(.text)
    Color_reset                              0x08007fff   Thumb Code    34  steer.o(.text)
    Reading_Two_Dimensional_Code             0x08008021   Thumb Code    34  steer.o(.text)
    Read_reset                               0x08008043   Thumb Code    34  steer.o(.text)
    Grab_left                                0x08008065   Thumb Code    76  steer.o(.text)
    Drop_left                                0x080080b1   Thumb Code    34  steer.o(.text)
    Left_reduction                           0x080080d3   Thumb Code    44  steer.o(.text)
    Grasp_Center                             0x080080ff   Thumb Code    62  steer.o(.text)
    Drop_middle                              0x0800813d   Thumb Code    44  steer.o(.text)
    Intermediate_reset                       0x08008169   Thumb Code    44  steer.o(.text)
    Unfetched_state                          0x08008195   Thumb Code    14  steer.o(.text)
    Grasp_left                               0x080081ad   Thumb Code    66  new_struct.o(.text)
    Grasp_mid                                0x080081ef   Thumb Code    60  new_struct.o(.text)
    Grasp_right                              0x0800822b   Thumb Code    60  new_struct.o(.text)
    Place_left                               0x08008267   Thumb Code    50  new_struct.o(.text)
    Place_mid                                0x08008299   Thumb Code    50  new_struct.o(.text)
    Place_right                              0x080082cb   Thumb Code    50  new_struct.o(.text)
    DJ_reset                                 0x080082fd   Thumb Code    34  new_struct.o(.text)
    Observing_color                          0x0800831f   Thumb Code    34  new_struct.o(.text)
    sehuan_fa                                0x08008341   Thumb Code    34  new_struct.o(.text)
    sehuan_zhong                             0x08008363   Thumb Code    34  new_struct.o(.text)
    Observing_qrcode                         0x08008385   Thumb Code    34  new_struct.o(.text)
    Openmv_Init                              0x080083b1   Thumb Code    62  openmv.o(.text)
    OpenMv_00                                0x080083ef   Thumb Code    28  openmv.o(.text)
    OpenMv_11                                0x0800840b   Thumb Code    32  openmv.o(.text)
    OpenMv_01                                0x0800842b   Thumb Code    34  openmv.o(.text)
    OpenMv_10                                0x0800844d   Thumb Code    36  openmv.o(.text)
    getwk                                    0x08008471   Thumb Code    46  openmv.o(.text)
    placewk                                  0x0800849f   Thumb Code    46  openmv.o(.text)
    nine_mode                                0x080084cd   Thumb Code   224  openmv.o(.text)
    huizong                                  0x080085ad   Thumb Code   272  openmv.o(.text)
    MPU_Write_Byte                           0x080086d9   Thumb Code    76  alientek.o(.text)
    MPU_Read_Byte                            0x08008725   Thumb Code    72  alientek.o(.text)
    MPU_Set_LPF                              0x0800876d   Thumb Code    60  alientek.o(.text)
    MPU_Set_Rate                             0x080087a9   Thumb Code    60  alientek.o(.text)
    MPU_Set_Accel_Fsr                        0x080087e5   Thumb Code    18  alientek.o(.text)
    MPU_Set_Gyro_Fsr                         0x080087f7   Thumb Code    18  alientek.o(.text)
    MPU9250_Init                             0x08008809   Thumb Code   168  alientek.o(.text)
    MPU_Read_Len                             0x080088b1   Thumb Code   116  alientek.o(.text)
    MPU_Get_Temperature                      0x08008925   Thumb Code    86  alientek.o(.text)
    MPU_Get_Gyroscope                        0x0800897b   Thumb Code    80  alientek.o(.text)
    MPU_Get_Accelerometer                    0x080089cb   Thumb Code    80  alientek.o(.text)
    MPU_Get_Magnetometer                     0x08008a1b   Thumb Code    90  alientek.o(.text)
    MPU_Write_Len                            0x08008a75   Thumb Code    96  alientek.o(.text)
    mpu_reg_dump                             0x08008b73   Thumb Code    84  inv_mpu.o(.text)
    mpu_read_reg                             0x08008bc7   Thumb Code    66  inv_mpu.o(.text)
    mpu_set_int_latched                      0x08008c09   Thumb Code   102  inv_mpu.o(.text)
    mpu_set_sensors                          0x08008c6f   Thumb Code   356  inv_mpu.o(.text)
    mpu_set_compass_sample_rate              0x08008dd3   Thumb Code    92  inv_mpu.o(.text)
    mpu_set_bypass                           0x08008e2f   Thumb Code   354  inv_mpu.o(.text)
    mpu_reset_fifo                           0x080091d1   Thumb Code   478  inv_mpu.o(.text)
    mpu_configure_fifo                       0x080093af   Thumb Code   106  inv_mpu.o(.text)
    mpu_set_lpf                              0x08009419   Thumb Code   126  inv_mpu.o(.text)
    mpu_lp_accel_mode                        0x08009497   Thumb Code   280  inv_mpu.o(.text)
    mpu_set_sample_rate                      0x080095af   Thumb Code   174  inv_mpu.o(.text)
    mpu_set_accel_fsr                        0x0800965d   Thumb Code   130  inv_mpu.o(.text)
    mpu_set_gyro_fsr                         0x080096df   Thumb Code   132  inv_mpu.o(.text)
    mpu_init                                 0x08009763   Thumb Code   294  inv_mpu.o(.text)
    mget_ms                                  0x08009889   Thumb Code     2  inv_mpu.o(.text)
    mpu_get_gyro_reg                         0x0800988b   Thumb Code   110  inv_mpu.o(.text)
    mpu_get_accel_reg                        0x080098f9   Thumb Code   110  inv_mpu.o(.text)
    mpu_get_temperature                      0x08009967   Thumb Code   150  inv_mpu.o(.text)
    mpu_read_6500_accel_bias                 0x080099fd   Thumb Code   124  inv_mpu.o(.text)
    mpu_read_6050_accel_bias                 0x08009a79   Thumb Code   138  inv_mpu.o(.text)
    mpu_read_6500_gyro_bias                  0x08009b03   Thumb Code   124  inv_mpu.o(.text)
    mpu_set_gyro_bias_reg                    0x08009b7f   Thumb Code   152  inv_mpu.o(.text)
    mpu_set_accel_bias_6050_reg              0x08009c17   Thumb Code   196  inv_mpu.o(.text)
    mpu_set_accel_bias_6500_reg              0x08009cdb   Thumb Code   196  inv_mpu.o(.text)
    mpu_get_gyro_fsr                         0x08009d9f   Thumb Code    64  inv_mpu.o(.text)
    mpu_get_accel_fsr                        0x08009ddf   Thumb Code    72  inv_mpu.o(.text)
    mpu_get_lpf                              0x08009e27   Thumb Code    74  inv_mpu.o(.text)
    mpu_get_sample_rate                      0x08009e71   Thumb Code    26  inv_mpu.o(.text)
    mpu_get_compass_sample_rate              0x08009e8b   Thumb Code    12  inv_mpu.o(.text)
    mpu_get_gyro_sens                        0x08009e97   Thumb Code    58  inv_mpu.o(.text)
    mpu_get_accel_sens                       0x08009ed1   Thumb Code   100  inv_mpu.o(.text)
    mpu_get_fifo_config                      0x08009f35   Thumb Code    12  inv_mpu.o(.text)
    mpu_get_power_state                      0x08009f41   Thumb Code    22  inv_mpu.o(.text)
    mpu_get_int_status                       0x08009f57   Thumb Code    64  inv_mpu.o(.text)
    mpu_read_fifo                            0x08009f97   Thumb Code   500  inv_mpu.o(.text)
    mpu_read_fifo_stream                     0x0800a18b   Thumb Code   186  inv_mpu.o(.text)
    mpu_set_int_level                        0x0800a245   Thumb Code    12  inv_mpu.o(.text)
    mpu_set_dmp_state                        0x0800b799   Thumb Code   138  inv_mpu.o(.text)
    mpu_run_6500_self_test                   0x0800b823   Thumb Code   384  inv_mpu.o(.text)
    mpu_run_self_test                        0x0800b9a3   Thumb Code   564  inv_mpu.o(.text)
    mpu_write_mem                            0x0800bbd7   Thumb Code   122  inv_mpu.o(.text)
    mpu_read_mem                             0x0800bc51   Thumb Code   122  inv_mpu.o(.text)
    mpu_load_firmware                        0x0800bccb   Thumb Code   180  inv_mpu.o(.text)
    mpu_get_dmp_state                        0x0800bd7f   Thumb Code    14  inv_mpu.o(.text)
    mpu_get_compass_reg                      0x0800bd8d   Thumb Code   208  inv_mpu.o(.text)
    mpu_get_compass_fsr                      0x0800be5d   Thumb Code    14  inv_mpu.o(.text)
    mpu_lp_motion_interrupt                  0x0800be6b   Thumb Code   612  inv_mpu.o(.text)
    run_self_test                            0x0800c0cf   Thumb Code   150  inv_mpu.o(.text)
    inv_row_2_scale                          0x0800c165   Thumb Code    78  inv_mpu.o(.text)
    mpu_dmp_init                             0x0800c1b3   Thumb Code   340  inv_mpu.o(.text)
    mpu_dmp_get_data                         0x0800c307   Thumb Code   568  inv_mpu.o(.text)
    mpu_mpl_get_data                         0x0800c53f   Thumb Code   226  inv_mpu.o(.text)
    dmp_load_motion_driver_firmware          0x0800c625   Thumb Code    20  inv_mpu_dmp_motion_driver.o(.text)
    dmp_set_orientation                      0x0800c639   Thumb Code   290  inv_mpu_dmp_motion_driver.o(.text)
    dmp_set_gyro_bias                        0x0800c75b   Thumb Code   294  inv_mpu_dmp_motion_driver.o(.text)
    dmp_set_accel_bias                       0x0800c881   Thumb Code   300  inv_mpu_dmp_motion_driver.o(.text)
    dmp_set_fifo_rate                        0x0800c9ad   Thumb Code   136  inv_mpu_dmp_motion_driver.o(.text)
    dmp_get_fifo_rate                        0x0800ca35   Thumb Code    12  inv_mpu_dmp_motion_driver.o(.text)
    dmp_set_tap_thresh                       0x0800ca41   Thumb Code   396  inv_mpu_dmp_motion_driver.o(.text)
    dmp_set_tap_axes                         0x0800cbcd   Thumb Code    70  inv_mpu_dmp_motion_driver.o(.text)
    dmp_set_tap_count                        0x0800cc13   Thumb Code    38  inv_mpu_dmp_motion_driver.o(.text)
    dmp_set_tap_time                         0x0800cc39   Thumb Code    38  inv_mpu_dmp_motion_driver.o(.text)
    dmp_set_tap_time_multi                   0x0800cc5f   Thumb Code    38  inv_mpu_dmp_motion_driver.o(.text)
    dmp_set_shake_reject_thresh              0x0800cc85   Thumb Code    56  inv_mpu_dmp_motion_driver.o(.text)
    dmp_set_shake_reject_time                0x0800ccbd   Thumb Code    38  inv_mpu_dmp_motion_driver.o(.text)
    dmp_set_shake_reject_timeout             0x0800cce3   Thumb Code    38  inv_mpu_dmp_motion_driver.o(.text)
    dmp_get_pedometer_step_count             0x0800cd09   Thumb Code    66  inv_mpu_dmp_motion_driver.o(.text)
    dmp_set_pedometer_step_count             0x0800cd4b   Thumb Code    42  inv_mpu_dmp_motion_driver.o(.text)
    dmp_get_pedometer_walk_time              0x0800cd75   Thumb Code    72  inv_mpu_dmp_motion_driver.o(.text)
    dmp_set_pedometer_walk_time              0x0800cdbd   Thumb Code    48  inv_mpu_dmp_motion_driver.o(.text)
    dmp_enable_6x_lp_quat                    0x0800cded   Thumb Code    84  inv_mpu_dmp_motion_driver.o(.text)
    dmp_enable_lp_quat                       0x0800ce41   Thumb Code    60  inv_mpu_dmp_motion_driver.o(.text)
    dmp_enable_gyro_cal                      0x0800ce7d   Thumb Code    62  inv_mpu_dmp_motion_driver.o(.text)
    dmp_enable_feature                       0x0800cebb   Thumb Code   530  inv_mpu_dmp_motion_driver.o(.text)
    dmp_get_enabled_features                 0x0800d0cd   Thumb Code    12  inv_mpu_dmp_motion_driver.o(.text)
    dmp_set_interrupt_mode                   0x0800d137   Thumb Code    66  inv_mpu_dmp_motion_driver.o(.text)
    dmp_read_fifo                            0x0800d179   Thumb Code   514  inv_mpu_dmp_motion_driver.o(.text)
    dmp_register_tap_cb                      0x0800d37b   Thumb Code    10  inv_mpu_dmp_motion_driver.o(.text)
    dmp_register_android_orient_cb           0x0800d385   Thumb Code    10  inv_mpu_dmp_motion_driver.o(.text)
    _MLPrintLog                              0x0800d395   Thumb Code   202  log_stm32.o(.text)
    eMPL_send_quat                           0x0800d45f   Thumb Code   188  log_stm32.o(.text)
    eMPL_send_data                           0x0800d51b   Thumb Code   406  log_stm32.o(.text)
    inv_get_sensor_type_accel                0x0800d6b1   Thumb Code    36  empl_outputs.o(.text)
    inv_get_sensor_type_gyro                 0x0800d6d5   Thumb Code    36  empl_outputs.o(.text)
    inv_get_sensor_type_compass              0x0800d6f9   Thumb Code    36  empl_outputs.o(.text)
    inv_get_sensor_type_quat                 0x0800d71d   Thumb Code    32  empl_outputs.o(.text)
    inv_get_sensor_type_heading              0x0800d73d   Thumb Code   176  empl_outputs.o(.text)
    inv_get_sensor_type_euler                0x0800d7ed   Thumb Code   536  empl_outputs.o(.text)
    inv_get_sensor_type_rot_mat              0x0800da05   Thumb Code    36  empl_outputs.o(.text)
    inv_enable_eMPL_outputs                  0x0800db53   Thumb Code    22  empl_outputs.o(.text)
    inv_disable_eMPL_outputs                 0x0800db69   Thumb Code    14  empl_outputs.o(.text)
    inv_disable_compass_soft_iron_matrix     0x0800dbdd   Thumb Code    10  data_builder.o(.text)
    inv_reset_compass_soft_iron_matrix       0x0800dbe7   Thumb Code    70  data_builder.o(.text)
    inv_init_data_builder                    0x0800dc2d   Thumb Code    44  data_builder.o(.text)
    inv_get_gyro_sensitivity                 0x0800dc59   Thumb Code     6  data_builder.o(.text)
    inv_get_accel_sensitivity                0x0800dc5f   Thumb Code     6  data_builder.o(.text)
    inv_get_compass_sensitivity              0x0800dc65   Thumb Code     8  data_builder.o(.text)
    set_sensor_orientation_and_scale         0x0800dc6d   Thumb Code     6  data_builder.o(.text)
    inv_set_gyro_orientation_and_scale       0x0800dc73   Thumb Code    18  data_builder.o(.text)
    inv_set_gyro_sample_rate                 0x0800dc85   Thumb Code    32  data_builder.o(.text)
    inv_set_accel_sample_rate                0x0800dca5   Thumb Code    36  data_builder.o(.text)
    inv_set_compass_sample_rate              0x0800dcc9   Thumb Code    40  data_builder.o(.text)
    inv_get_gyro_sample_rate_ms              0x0800dcf1   Thumb Code     8  data_builder.o(.text)
    inv_get_accel_sample_rate_ms             0x0800dcf9   Thumb Code     8  data_builder.o(.text)
    inv_get_compass_sample_rate_ms           0x0800dd01   Thumb Code    10  data_builder.o(.text)
    inv_set_quat_sample_rate                 0x0800dd0b   Thumb Code    22  data_builder.o(.text)
    inv_set_gyro_bandwidth                   0x0800dd21   Thumb Code     6  data_builder.o(.text)
    inv_set_accel_bandwidth                  0x0800dd27   Thumb Code     8  data_builder.o(.text)
    inv_set_compass_bandwidth                0x0800dd2f   Thumb Code     8  data_builder.o(.text)
    inv_get_compass_on                       0x0800dd37   Thumb Code    12  data_builder.o(.text)
    inv_get_gyro_on                          0x0800dd43   Thumb Code    10  data_builder.o(.text)
    inv_get_accel_on                         0x0800dd4d   Thumb Code    12  data_builder.o(.text)
    inv_get_last_timestamp                   0x0800dd59   Thumb Code    98  data_builder.o(.text)
    inv_set_accel_orientation_and_scale      0x0800ddbb   Thumb Code    20  data_builder.o(.text)
    inv_set_compass_orientation_and_scale    0x0800ddcf   Thumb Code    20  data_builder.o(.text)
    inv_matrix_vector_mult                   0x0800dde3   Thumb Code   110  data_builder.o(.text)
    inv_apply_calibration                    0x0800de51   Thumb Code   106  data_builder.o(.text)
    inv_get_compass_bias                     0x0800debb   Thumb Code    20  data_builder.o(.text)
    inv_set_compass_bias                     0x0800decf   Thumb Code    66  data_builder.o(.text)
    inv_set_compass_disturbance              0x0800df11   Thumb Code    10  data_builder.o(.text)
    inv_get_compass_disturbance              0x0800df1b   Thumb Code    10  data_builder.o(.text)
    inv_set_accel_bias                       0x0800df25   Thumb Code    92  data_builder.o(.text)
    inv_set_accel_accuracy                   0x0800df81   Thumb Code    26  data_builder.o(.text)
    inv_set_accel_bias_mask                  0x0800df9b   Thumb Code    84  data_builder.o(.text)
    inv_set_gyro_bias                        0x0800dfef   Thumb Code   106  data_builder.o(.text)
    inv_get_gyro_bias_tc_set                 0x0800e059   Thumb Code    26  data_builder.o(.text)
    inv_get_gyro_bias                        0x0800e073   Thumb Code    32  data_builder.o(.text)
    inv_get_accel_bias                       0x0800e093   Thumb Code    32  data_builder.o(.text)
    inv_build_accel                          0x0800e0b3   Thumb Code   128  data_builder.o(.text)
    inv_build_gyro                           0x0800e133   Thumb Code    48  data_builder.o(.text)
    inv_get_compass_soft_iron_output_data    0x0800e163   Thumb Code    24  data_builder.o(.text)
    inv_set_compass_soft_iron_input_data     0x0800e17b   Thumb Code    72  data_builder.o(.text)
    inv_build_compass                        0x0800e1c3   Thumb Code   168  data_builder.o(.text)
    inv_build_temp                           0x0800e26b   Thumb Code    38  data_builder.o(.text)
    inv_build_quat                           0x0800e291   Thumb Code    56  data_builder.o(.text)
    inv_accel_was_turned_off                 0x0800e2c9   Thumb Code     8  data_builder.o(.text)
    inv_compass_was_turned_off               0x0800e2d1   Thumb Code    10  data_builder.o(.text)
    inv_quaternion_sensor_was_turned_off     0x0800e2db   Thumb Code    10  data_builder.o(.text)
    inv_gyro_was_turned_off                  0x0800e2e5   Thumb Code     8  data_builder.o(.text)
    inv_temperature_was_turned_off           0x0800e2ed   Thumb Code    10  data_builder.o(.text)
    inv_register_data_cb                     0x0800e2f7   Thumb Code   246  data_builder.o(.text)
    inv_unregister_data_cb                   0x0800e3ed   Thumb Code    96  data_builder.o(.text)
    inv_execute_on_data                      0x0800e567   Thumb Code   152  data_builder.o(.text)
    inv_get_accel_set                        0x0800e5ff   Thumb Code    40  data_builder.o(.text)
    inv_get_gyro_set                         0x0800e627   Thumb Code    34  data_builder.o(.text)
    inv_get_gyro_set_raw                     0x0800e649   Thumb Code    34  data_builder.o(.text)
    inv_get_gyro                             0x0800e66b   Thumb Code    12  data_builder.o(.text)
    inv_get_compass_set                      0x0800e677   Thumb Code    58  data_builder.o(.text)
    inv_get_temp_set                         0x0800e6b1   Thumb Code    30  data_builder.o(.text)
    inv_get_gyro_accuracy                    0x0800e6cf   Thumb Code     6  data_builder.o(.text)
    inv_get_mag_accuracy                     0x0800e6d5   Thumb Code    22  data_builder.o(.text)
    inv_get_accel_accuracy                   0x0800e6eb   Thumb Code     6  data_builder.o(.text)
    inv_get_gyro_orient                      0x0800e6f1   Thumb Code    12  data_builder.o(.text)
    inv_get_accel_orient                     0x0800e6fd   Thumb Code    12  data_builder.o(.text)
    inv_get_compass_soft_iron_matrix_d       0x0800e709   Thumb Code    24  data_builder.o(.text)
    inv_set_compass_soft_iron_matrix_d       0x0800e721   Thumb Code    58  data_builder.o(.text)
    inv_get_compass_soft_iron_matrix_f       0x0800e75b   Thumb Code    46  data_builder.o(.text)
    inv_set_compass_soft_iron_matrix_f       0x0800e789   Thumb Code    54  data_builder.o(.text)
    inv_get_compass_soft_iron_input_data     0x0800e7bf   Thumb Code    26  data_builder.o(.text)
    inv_enable_compass_soft_iron_matrix      0x0800e7d9   Thumb Code    10  data_builder.o(.text)
    inv_get_sensor_type_accelerometer        0x0800e7ed   Thumb Code    92  hal_outputs.o(.text)
    inv_get_sensor_type_linear_acceleration  0x0800e849   Thumb Code   110  hal_outputs.o(.text)
    inv_get_sensor_type_gravity              0x0800e8b7   Thumb Code    86  hal_outputs.o(.text)
    inv_get_sensor_type_gyroscope            0x0800e90d   Thumb Code    92  hal_outputs.o(.text)
    inv_get_sensor_type_gyroscope_raw        0x0800e969   Thumb Code    92  hal_outputs.o(.text)
    inv_get_sensor_type_rotation_vector      0x0800e9c5   Thumb Code   216  hal_outputs.o(.text)
    inv_get_sensor_type_magnetic_field       0x0800ea9d   Thumb Code    68  hal_outputs.o(.text)
    inv_get_sensor_type_orientation          0x0800ec05   Thumb Code    34  hal_outputs.o(.text)
    inv_generate_hal_outputs                 0x0800ec27   Thumb Code   482  hal_outputs.o(.text)
    inv_stop_hal_outputs                     0x0800ee09   Thumb Code    16  hal_outputs.o(.text)
    inv_start_hal_outputs                    0x0800ee19   Thumb Code    22  hal_outputs.o(.text)
    inv_init_hal_outputs                     0x0800ee2f   Thumb Code    46  hal_outputs.o(.text)
    inv_enable_hal_outputs                   0x0800ee5d   Thumb Code    20  hal_outputs.o(.text)
    inv_disable_hal_outputs                  0x0800ee71   Thumb Code    20  hal_outputs.o(.text)
    inv_set_message                          0x0800ee8d   Thumb Code    24  message_layer.o(.text)
    inv_get_message_level_0                  0x0800eea5   Thumb Code    16  message_layer.o(.text)
    inv_sinf                                 0x0800eeb9   Thumb Code    42  ml_math_func.o(.text)
    inv_cosf                                 0x0800eee3   Thumb Code    44  ml_math_func.o(.text)
    inv_q30_mult                             0x0800ef0f   Thumb Code    18  ml_math_func.o(.text)
    inv_q_mult                               0x0800ef21   Thumb Code   178  ml_math_func.o(.text)
    inv_q_invert                             0x0800efd3   Thumb Code    24  ml_math_func.o(.text)
    inv_compass_angle                        0x0800efeb   Thumb Code   162  ml_math_func.o(.text)
    inv_get_gyro_sum_of_sqr                  0x0800f08d   Thumb Code    28  ml_math_func.o(.text)
    inv_q29_mult                             0x0800f0a9   Thumb Code    18  ml_math_func.o(.text)
    inv_q30_div                              0x0800f0bb   Thumb Code    40  ml_math_func.o(.text)
    inv_q_shift_mult                         0x0800f0e3   Thumb Code    32  ml_math_func.o(.text)
    inv_q_add                                0x0800f103   Thumb Code    36  ml_math_func.o(.text)
    inv_vector_normalize                     0x0800f127   Thumb Code   182  ml_math_func.o(.text)
    inv_q_normalize                          0x0800f1dd   Thumb Code    14  ml_math_func.o(.text)
    quaternion_to_rotation_angle             0x0800f1eb   Thumb Code   112  ml_math_func.o(.text)
    inv_q_rotate                             0x0800f25b   Thumb Code    66  ml_math_func.o(.text)
    inv_q_multf                              0x0800f29d   Thumb Code   304  ml_math_func.o(.text)
    inv_q_addf                               0x0800f3cd   Thumb Code    50  ml_math_func.o(.text)
    inv_q_normalizef                         0x0800f3ff   Thumb Code   366  ml_math_func.o(.text)
    inv_q_norm4                              0x0800f56d   Thumb Code   146  ml_math_func.o(.text)
    inv_q_invertf                            0x0800f5ff   Thumb Code    30  ml_math_func.o(.text)
    inv_quaternion_to_rotation               0x0800f61d   Thumb Code   218  ml_math_func.o(.text)
    inv_quaternion_to_rotation_vector        0x0800f6f7   Thumb Code    60  ml_math_func.o(.text)
    inv_int32_to_big8                        0x0800f733   Thumb Code    20  ml_math_func.o(.text)
    inv_big8_to_int32                        0x0800f747   Thumb Code    26  ml_math_func.o(.text)
    inv_big8_to_int16                        0x0800f761   Thumb Code    14  ml_math_func.o(.text)
    inv_little8_to_int16                     0x0800f76f   Thumb Code    14  ml_math_func.o(.text)
    inv_int16_to_big8                        0x0800f77d   Thumb Code    12  ml_math_func.o(.text)
    inv_matrix_det_inc                       0x0800f789   Thumb Code   100  ml_math_func.o(.text)
    inv_matrix_det_incd                      0x0800f7ed   Thumb Code   108  ml_math_func.o(.text)
    inv_matrix_det                           0x0800f859   Thumb Code   160  ml_math_func.o(.text)
    inv_matrix_detd                          0x0800f8f9   Thumb Code   220  ml_math_func.o(.text)
    inv_wrap_angle                           0x0800f9d5   Thumb Code    56  ml_math_func.o(.text)
    inv_angle_diff                           0x0800fa0d   Thumb Code    90  ml_math_func.o(.text)
    inv_checksum                             0x0800fa67   Thumb Code    30  ml_math_func.o(.text)
    inv_orientation_matrix_to_scalar         0x0800fad3   Thumb Code    40  ml_math_func.o(.text)
    inv_convert_to_body                      0x0800fafb   Thumb Code    82  ml_math_func.o(.text)
    inv_convert_to_chip                      0x0800fb4d   Thumb Code    82  ml_math_func.o(.text)
    inv_convert_to_body_with_scale           0x0800fb9f   Thumb Code   114  ml_math_func.o(.text)
    inv_vector_norm                          0x0800fc11   Thumb Code    66  ml_math_func.o(.text)
    inv_init_biquad_filter                   0x0800fc53   Thumb Code    34  ml_math_func.o(.text)
    inv_calc_state_to_match_output           0x0800fc75   Thumb Code    50  ml_math_func.o(.text)
    inv_biquad_filter_process                0x0800fca7   Thumb Code   104  ml_math_func.o(.text)
    inv_get_cross_product_vec                0x0800fd0f   Thumb Code    98  ml_math_func.o(.text)
    mlMatrixVectorMult                       0x0800fd71   Thumb Code    62  ml_math_func.o(.text)
    inv_init_mpl                             0x0800fe0d   Thumb Code   106  mpl.o(.text)
    inv_get_version                          0x0800fe77   Thumb Code    10  mpl.o(.text)
    inv_start_mpl                            0x0800fe81   Thumb Code    38  mpl.o(.text)
    inv_store_gaming_quaternion              0x0800fee5   Thumb Code    30  results_holder.o(.text)
    inv_set_compass_correction               0x0800ff03   Thumb Code    30  results_holder.o(.text)
    inv_get_compass_correction               0x0800ff21   Thumb Code    20  results_holder.o(.text)
    inv_get_large_mag_field                  0x0800ff35   Thumb Code     6  results_holder.o(.text)
    inv_set_large_mag_field                  0x0800ff3b   Thumb Code     6  results_holder.o(.text)
    inv_get_acc_state                        0x0800ff41   Thumb Code     6  results_holder.o(.text)
    inv_set_acc_state                        0x0800ff47   Thumb Code     6  results_holder.o(.text)
    inv_get_motion_state                     0x0800ff4d   Thumb Code    16  results_holder.o(.text)
    inv_set_motion_state                     0x0800ff5d   Thumb Code    74  results_holder.o(.text)
    inv_set_local_field                      0x0800ffa7   Thumb Code    14  results_holder.o(.text)
    inv_get_local_field                      0x0800ffb5   Thumb Code    12  results_holder.o(.text)
    inv_set_mag_scale                        0x0800ffc1   Thumb Code    14  results_holder.o(.text)
    inv_get_mag_scale                        0x0800ffcf   Thumb Code    12  results_holder.o(.text)
    inv_get_gravity                          0x0800ffdb   Thumb Code    90  results_holder.o(.text)
    inv_get_6axis_quaternion                 0x08010035   Thumb Code    18  results_holder.o(.text)
    inv_get_quaternion                       0x08010047   Thumb Code    54  results_holder.o(.text)
    inv_get_quaternion_float                 0x0801007d   Thumb Code    50  results_holder.o(.text)
    inv_get_quaternion_set                   0x080100af   Thumb Code    68  results_holder.o(.text)
    inv_generate_results                     0x080100f3   Thumb Code    12  results_holder.o(.text)
    inv_start_results_holder                 0x080100ff   Thumb Code    20  results_holder.o(.text)
    inv_init_results_holder                  0x08010113   Thumb Code    46  results_holder.o(.text)
    inv_enable_results_holder                0x08010141   Thumb Code    28  results_holder.o(.text)
    inv_got_accel_bias                       0x0801015d   Thumb Code     6  results_holder.o(.text)
    inv_set_accel_bias_found                 0x08010163   Thumb Code     6  results_holder.o(.text)
    inv_got_compass_bias                     0x08010169   Thumb Code     6  results_holder.o(.text)
    inv_set_compass_bias_found               0x0801016f   Thumb Code     6  results_holder.o(.text)
    inv_set_compass_state                    0x08010175   Thumb Code     6  results_holder.o(.text)
    inv_get_compass_state                    0x0801017b   Thumb Code     6  results_holder.o(.text)
    inv_set_compass_bias_error               0x08010181   Thumb Code    14  results_holder.o(.text)
    inv_get_compass_bias_error               0x0801018f   Thumb Code    12  results_holder.o(.text)
    inv_get_linear_accel                     0x0801019b   Thumb Code    60  results_holder.o(.text)
    inv_get_accel                            0x080101d7   Thumb Code    24  results_holder.o(.text)
    inv_get_accel_float                      0x080101ef   Thumb Code    56  results_holder.o(.text)
    inv_get_gyro_float                       0x08010227   Thumb Code    58  results_holder.o(.text)
    inv_set_heading_confidence_interval      0x08010261   Thumb Code     8  results_holder.o(.text)
    inv_get_heading_confidence_interval      0x08010269   Thumb Code     8  results_holder.o(.text)
    inv_get_linear_accel_float               0x08010271   Thumb Code    56  results_holder.o(.text)
    inv_init_start_manager                   0x080102c9   Thumb Code    14  start_manager.o(.text)
    inv_unregister_mpl_start_notification    0x080102d7   Thumb Code    86  start_manager.o(.text)
    inv_register_mpl_start_notification      0x0801032d   Thumb Code    38  start_manager.o(.text)
    inv_execute_mpl_start_notification       0x08010353   Thumb Code    40  start_manager.o(.text)
    inv_init_storage_manager                 0x08010381   Thumb Code    20  storage_manager.o(.text)
    inv_register_load_store                  0x08010395   Thumb Code   134  storage_manager.o(.text)
    inv_get_mpl_state_size                   0x0801041b   Thumb Code    12  storage_manager.o(.text)
    inv_load_mpl_states                      0x08010453   Thumb Code   174  storage_manager.o(.text)
    inv_save_mpl_states                      0x08010501   Thumb Code   158  storage_manager.o(.text)
    inv_vector_compass_cal_sensitivity       0x080105a5   Thumb Code     8  compass_vec_cal.o(.text)
    inv_cheap_rand                           0x08010787   Thumb Code    42  compass_vec_cal.o(.text)
    inv_cheap_gaussian                       0x080107b1   Thumb Code   100  compass_vec_cal.o(.text)
    inv_combine_compass_data                 0x08010815   Thumb Code   294  compass_vec_cal.o(.text)
    inv_set_terms                            0x0801093b   Thumb Code   754  compass_vec_cal.o(.text)
    inv_compute_bias                         0x08010c2d   Thumb Code  1668  compass_vec_cal.o(.text)
    inv_center_sum                           0x080112b1   Thumb Code  1418  compass_vec_cal.o(.text)
    inv_get_current_calibrated_compass       0x0801183b   Thumb Code    82  compass_vec_cal.o(.text)
    inv_add_compass_block_data               0x0801188d   Thumb Code   142  compass_vec_cal.o(.text)
    inv_check_sim                            0x08011b4b   Thumb Code   278  compass_vec_cal.o(.text)
    inv_reset_data_collection                0x08011c61   Thumb Code    50  compass_vec_cal.o(.text)
    inv_process_compass_only_cal             0x08011c93   Thumb Code  1474  compass_vec_cal.o(.text)
    inv_generate_vector_compass_cal          0x08012255   Thumb Code    62  compass_vec_cal.o(.text)
    inv_start_vector_compass_cal             0x08012293   Thumb Code    14  compass_vec_cal.o(.text)
    inv_stop_vector_compass_cal              0x080122a1   Thumb Code     8  compass_vec_cal.o(.text)
    inv_init_vector_compass_cal              0x080122a9   Thumb Code    78  compass_vec_cal.o(.text)
    inv_enable_vector_compass_cal            0x080122f7   Thumb Code    24  compass_vec_cal.o(.text)
    inv_disable_vector_compass_cal           0x0801230f   Thumb Code    22  compass_vec_cal.o(.text)
    inv_init_maxmin                          0x08012401   Thumb Code    78  fast_no_motion.o(.text)
    inv_fast_nomot_parameter                 0x0801244f   Thumb Code   318  fast_no_motion.o(.text)
    inv_fast_nomot_parameter_3rd             0x0801258d   Thumb Code   180  fast_no_motion.o(.text)
    inv_fast_nomot_set_gyro_bias             0x08012641   Thumb Code   232  fast_no_motion.o(.text)
    inv_set_fast_nomot_compass_threshold     0x08012729   Thumb Code     8  fast_no_motion.o(.text)
    int_set_fast_nomot_gyro_threshold        0x08012731   Thumb Code     8  fast_no_motion.o(.text)
    inv_set_fast_nomot_accel_threshold       0x08012739   Thumb Code     8  fast_no_motion.o(.text)
    inv_get_fast_nomot_compass_param         0x08012741   Thumb Code    18  fast_no_motion.o(.text)
    inv_get_fast_nomot_accel_param           0x08012753   Thumb Code    18  fast_no_motion.o(.text)
    inv_fast_nomot_store_data                0x08012765   Thumb Code   140  fast_no_motion.o(.text)
    inv_fast_nomot_store_data_compass        0x080127f1   Thumb Code    74  fast_no_motion.o(.text)
    inv_fast_nomot_reset_data_compass        0x0801283b   Thumb Code    36  fast_no_motion.o(.text)
    inv_fast_nomot_get_time_elaps            0x0801285f   Thumb Code     8  fast_no_motion.o(.text)
    inv_fast_nomot_parameter_compass         0x08012867   Thumb Code    22  fast_no_motion.o(.text)
    inv_get_right_shift_by_rounding          0x0801287d   Thumb Code    76  fast_no_motion.o(.text)
    inv_reset_min_max_gyro_accel_statistics  0x080128c9   Thumb Code    38  fast_no_motion.o(.text)
    inv_record_max_moment_in_no_motion_gyro  0x080128ef   Thumb Code    32  fast_no_motion.o(.text)
    inv_record_max_moment_in_no_motion_accel 0x0801290f   Thumb Code    32  fast_no_motion.o(.text)
    inv_record_min_moment_in_motion_gyro     0x0801292f   Thumb Code    34  fast_no_motion.o(.text)
    inv_record_min_moment_in_motion_accel    0x08012951   Thumb Code    34  fast_no_motion.o(.text)
    inv_detect_motion_by_gyro_accel          0x08012973   Thumb Code   214  fast_no_motion.o(.text)
    inv_sensor_data_preprocess               0x08012a49   Thumb Code   132  fast_no_motion.o(.text)
    inv_generate_fast_nomot                  0x08012acd   Thumb Code   498  fast_no_motion.o(.text)
    inv_set_default_number_of_samples        0x08012cbf   Thumb Code    56  fast_no_motion.o(.text)
    inv_init_fast_nomot                      0x08012cf7   Thumb Code    78  fast_no_motion.o(.text)
    inv_start_fast_nomot                     0x08012d45   Thumb Code    56  fast_no_motion.o(.text)
    inv_stop_fast_nomot                      0x08012d7d   Thumb Code    20  fast_no_motion.o(.text)
    inv_enable_fast_nomot                    0x08012d91   Thumb Code    24  fast_no_motion.o(.text)
    inv_disable_fast_nomot                   0x08012da9   Thumb Code    18  fast_no_motion.o(.text)
    inv_get_fnm_gyro_no_motion_param         0x08012dbb   Thumb Code     8  fast_no_motion.o(.text)
    inv_fnm_debug_print                      0x08012dc3   Thumb Code     2  fast_no_motion.o(.text)
    inv_filter_correction_angle              0x08012df5   Thumb Code   364  fusion_9axis.o(.text)
    inv_perform_9x_fusion                    0x08012f61   Thumb Code   840  fusion_9axis.o(.text)
    inv_process_9x_sensor_fusion_cb          0x080132a9   Thumb Code   120  fusion_9axis.o(.text)
    inv_init_9x_fusion                       0x08013321   Thumb Code    50  fusion_9axis.o(.text)
    inv_9x_fusion_set_mag_fb                 0x08013353   Thumb Code    10  fusion_9axis.o(.text)
    inv_9x_fusion_enable_jitter_reduction    0x0801335d   Thumb Code    10  fusion_9axis.o(.text)
    inv_9x_fusion_use_timestamps             0x08013367   Thumb Code    10  fusion_9axis.o(.text)
    inv_start_9x_sensor_fusion               0x08013371   Thumb Code    14  fusion_9axis.o(.text)
    inv_stop_9x_sensor_fusion                0x0801337f   Thumb Code     8  fusion_9axis.o(.text)
    inv_enable_9x_sensor_fusion              0x08013387   Thumb Code    30  fusion_9axis.o(.text)
    inv_disable_9x_sensor_fusion             0x080133a5   Thumb Code     8  fusion_9axis.o(.text)
    inv_init_gyro_ts                         0x080137cb   Thumb Code    46  gyro_tc.o(.text)
    inv_set_gtc_max_temp                     0x080137f9   Thumb Code    10  gyro_tc.o(.text)
    inv_set_gtc_min_temp                     0x08013803   Thumb Code    10  gyro_tc.o(.text)
    inv_set_gtc_min_diff                     0x0801380d   Thumb Code    10  gyro_tc.o(.text)
    inv_get_gyro_ts                          0x08013817   Thumb Code    30  gyro_tc.o(.text)
    inv_set_gyro_ts                          0x08013835   Thumb Code    16  gyro_tc.o(.text)
    inv_set_gtc_order                        0x08013845   Thumb Code    16  gyro_tc.o(.text)
    inv_print_gtc_data                       0x08013855   Thumb Code    62  gyro_tc.o(.text)
    inv_start_gyro_tc                        0x08013893   Thumb Code    10  gyro_tc.o(.text)
    inv_stop_gyro_tc                         0x0801389d   Thumb Code     6  gyro_tc.o(.text)
    inv_enable_gyro_tc                       0x080138a3   Thumb Code    48  gyro_tc.o(.text)
    inv_disable_gyro_tc                      0x080138d3   Thumb Code    40  gyro_tc.o(.text)
    inv_set_magnetic_disturbance             0x0801390d   Thumb Code    16  mag_disturb.o(.text)
    inv_init_magnetic_disturbance            0x0801391d   Thumb Code    50  mag_disturb.o(.text)
    MagDisturbSetDisturbance                 0x0801394f   Thumb Code    98  mag_disturb.o(.text)
    MagDisturbCheckSettling                  0x080139b1   Thumb Code    54  mag_disturb.o(.text)
    ComputeAngleVelocity                     0x080139e7   Thumb Code    94  mag_disturb.o(.text)
    inv_disable_dip_tracking                 0x08013a45   Thumb Code    10  mag_disturb.o(.text)
    Mag3ofNormalizedLong                     0x08013a4f   Thumb Code    72  mag_disturb.o(.text)
    inv_track_dip_angle                      0x08013a97   Thumb Code   114  mag_disturb.o(.text)
    inv_check_magnetic_disturbance           0x08013b09   Thumb Code   690  mag_disturb.o(.text)
    inv_magnetic_disturbance_process         0x08013dbb   Thumb Code    50  mag_disturb.o(.text)
    inv_start_magnetic_disturbance           0x08013ded   Thumb Code    14  mag_disturb.o(.text)
    inv_stop_magnetic_disturbance            0x08013dfb   Thumb Code     8  mag_disturb.o(.text)
    inv_enable_magnetic_disturbance          0x08013e03   Thumb Code    40  mag_disturb.o(.text)
    inv_disable_magnetic_disturbance         0x08013e2b   Thumb Code    22  mag_disturb.o(.text)
    inv_enable_dip_tracking                  0x08013e41   Thumb Code    14  mag_disturb.o(.text)
    inv_get_magnetic_disturbance_state       0x08013e4f   Thumb Code     8  mag_disturb.o(.text)
    inv_generate_gyro_quaternion             0x080141ed   Thumb Code   260  quaternion_supervisor.o(.text)
    inv_set_quaternion                       0x080144df   Thumb Code    38  quaternion_supervisor.o(.text)
    inv_generate_accel_gyro_quaternion       0x08014505   Thumb Code   428  quaternion_supervisor.o(.text)
    inv_stop_quaternion                      0x080146f9   Thumb Code     6  quaternion_supervisor.o(.text)
    inv_init_quaternion                      0x080146ff   Thumb Code    34  quaternion_supervisor.o(.text)
    inv_start_quaternion                     0x08014721   Thumb Code    34  quaternion_supervisor.o(.text)
    inv_enable_quaternion                    0x08014743   Thumb Code    24  quaternion_supervisor.o(.text)
    inv_disable_quaternion                   0x0801475b   Thumb Code    20  quaternion_supervisor.o(.text)
    inv_init_accel_maxmin                    0x0801479d   Thumb Code    28  accel_auto_cal.o(.text)
    inv_record_good_accel_maxmin             0x080147b9   Thumb Code    56  accel_auto_cal.o(.text)
    inv_get_current_calibrated_accel         0x080147f1   Thumb Code    70  accel_auto_cal.o(.text)
    inv_sort_order_4_T                       0x08014b3f   Thumb Code   186  accel_auto_cal.o(.text)
    inv_init_check_sample_balance            0x08014bf9   Thumb Code    30  accel_auto_cal.o(.text)
    inv_init_check_sample_balance_parameter  0x08014c17   Thumb Code    28  accel_auto_cal.o(.text)
    inv_add_accel_block_data                 0x08014c33   Thumb Code   152  accel_auto_cal.o(.text)
    inv_add_vector_block_data                0x08014ccb   Thumb Code   120  accel_auto_cal.o(.text)
    inv_check_sample_balance                 0x08014d43   Thumb Code   344  accel_auto_cal.o(.text)
    inv_auto_calibrate                       0x08014ed1   Thumb Code   720  accel_auto_cal.o(.text)
    inv_init_in_use_auto_calibration         0x080151a1   Thumb Code    80  accel_auto_cal.o(.text)
    inv_start_in_use_auto_calibration        0x080151f1   Thumb Code    14  accel_auto_cal.o(.text)
    inv_stop_in_use_auto_calibration         0x080151ff   Thumb Code     8  accel_auto_cal.o(.text)
    inv_enable_in_use_auto_calibration       0x08015207   Thumb Code    24  accel_auto_cal.o(.text)
    inv_disable_in_use_auto_calibration      0x0801521f   Thumb Code    94  accel_auto_cal.o(.text)
    inv_get_accel_bias_stage                 0x0801527d   Thumb Code     6  accel_auto_cal.o(.text)
    __aeabi_ldivmod                          0x08015289   Thumb Code    98  ldiv.o(.text)
    __aeabi_llsl                             0x080152eb   Thumb Code    30  llshl.o(.text)
    _ll_shift_l                              0x080152eb   Thumb Code     0  llshl.o(.text)
    __aeabi_lasr                             0x08015309   Thumb Code    36  llsshr.o(.text)
    _ll_sshift_r                             0x08015309   Thumb Code     0  llsshr.o(.text)
    ___aeabi_memcpy8$move                    0x0801532d   Thumb Code     0  memmovea.o(.text)
    __aeabi_memcpy                           0x0801532d   Thumb Code    64  memmovea.o(.text)
    __aeabi_memcpy4                          0x0801532d   Thumb Code     0  memmovea.o(.text)
    __aeabi_memmove                          0x0801532d   Thumb Code     0  memmovea.o(.text)
    __aeabi_memmove4                         0x0801532d   Thumb Code     0  memmovea.o(.text)
    __aeabi_memmove8                         0x0801532d   Thumb Code     0  memmovea.o(.text)
    __aeabi_memset                           0x0801536d   Thumb Code    14  memseta.o(.text)
    __aeabi_memset4                          0x0801536d   Thumb Code     0  memseta.o(.text)
    __aeabi_memset8                          0x0801536d   Thumb Code     0  memseta.o(.text)
    __aeabi_memclr                           0x0801537b   Thumb Code     4  memseta.o(.text)
    __aeabi_memclr4                          0x0801537b   Thumb Code     0  memseta.o(.text)
    __aeabi_memclr8                          0x0801537b   Thumb Code     0  memseta.o(.text)
    _memset$wrapper                          0x0801537f   Thumb Code    18  memseta.o(.text)
    memcmp                                   0x08015391   Thumb Code    26  memcmp.o(.text)
    __aeabi_fadd                             0x080153ab   Thumb Code   164  fadd.o(.text)
    __aeabi_fsub                             0x0801544f   Thumb Code     6  fadd.o(.text)
    __aeabi_frsub                            0x08015455   Thumb Code     6  fadd.o(.text)
    __aeabi_fmul                             0x0801545b   Thumb Code   100  fmul.o(.text)
    __aeabi_fdiv                             0x080154bf   Thumb Code   124  fdiv.o(.text)
    __ARM_scalbnf                            0x0801553b   Thumb Code    24  fscalb.o(.text)
    scalbnf                                  0x0801553b   Thumb Code     0  fscalb.o(.text)
    __aeabi_dadd                             0x08015553   Thumb Code   322  dadd.o(.text)
    __aeabi_dsub                             0x08015695   Thumb Code     6  dadd.o(.text)
    __aeabi_drsub                            0x0801569b   Thumb Code     6  dadd.o(.text)
    __aeabi_dmul                             0x080156a1   Thumb Code   228  dmul.o(.text)
    __aeabi_ddiv                             0x08015785   Thumb Code   222  ddiv.o(.text)
    __ARM_scalbn                             0x08015863   Thumb Code    46  dscalb.o(.text)
    scalbn                                   0x08015863   Thumb Code     0  dscalb.o(.text)
    __aeabi_i2f                              0x08015891   Thumb Code    18  fflti.o(.text)
    __aeabi_ui2f                             0x080158a3   Thumb Code    10  ffltui.o(.text)
    __aeabi_l2f                              0x080158ad   Thumb Code    44  ffltl.o(.text)
    __aeabi_i2d                              0x080158d9   Thumb Code    34  dflti.o(.text)
    __aeabi_f2iz                             0x080158fb   Thumb Code    50  ffixi.o(.text)
    __aeabi_f2uiz                            0x0801592d   Thumb Code    40  ffixui.o(.text)
    __aeabi_f2lz                             0x08015955   Thumb Code    66  ffixl.o(.text)
    __aeabi_d2iz                             0x08015997   Thumb Code    62  dfixi.o(.text)
    __aeabi_f2d                              0x080159d5   Thumb Code    38  f2d.o(.text)
    __aeabi_cdcmpeq                          0x080159fd   Thumb Code     0  cdcmple.o(.text)
    __aeabi_cdcmple                          0x080159fd   Thumb Code    48  cdcmple.o(.text)
    __aeabi_cdrcmple                         0x08015a2d   Thumb Code    48  cdrcmple.o(.text)
    __aeabi_d2f                              0x08015a5d   Thumb Code    56  d2f.o(.text)
    __aeabi_cfcmpeq                          0x08015a95   Thumb Code     0  cfcmple.o(.text)
    __aeabi_cfcmple                          0x08015a95   Thumb Code    20  cfcmple.o(.text)
    __aeabi_cfrcmple                         0x08015aa9   Thumb Code    20  cfrcmple.o(.text)
    __aeabi_uidiv                            0x08015abd   Thumb Code     0  uidiv.o(.text)
    __aeabi_uidivmod                         0x08015abd   Thumb Code    44  uidiv.o(.text)
    __aeabi_uldivmod                         0x08015ae9   Thumb Code    98  uldiv.o(.text)
    __aeabi_llsr                             0x08015b4b   Thumb Code    32  llushr.o(.text)
    _ll_ushift_r                             0x08015b4b   Thumb Code     0  llushr.o(.text)
    __I$use$fp                               0x08015b6b   Thumb Code     0  iusefp.o(.text)
    _float_round                             0x08015b6b   Thumb Code    18  fepilogue.o(.text)
    _float_epilogue                          0x08015b7d   Thumb Code    92  fepilogue.o(.text)
    _fsqrt                                   0x08015bd9   Thumb Code    94  fsqrt.o(.text)
    _frnd                                    0x08015c37   Thumb Code    60  frnd.o(.text)
    _double_round                            0x08015c73   Thumb Code    30  depilogue.o(.text)
    _double_epilogue                         0x08015c91   Thumb Code   156  depilogue.o(.text)
    _dsqrt                                   0x08015d2d   Thumb Code   162  dsqrt.o(.text)
    __aeabi_d2ulz                            0x08015dcf   Thumb Code    48  dfixul.o(.text)
    __scatterload                            0x08015e01   Thumb Code    28  init.o(.text)
    __scatterload_rt2                        0x08015e01   Thumb Code     0  init.o(.text)
    __aeabi_ui2d                             0x08015e25   Thumb Code    26  dfltui.o(.text)
    __decompress                             0x08015e3f   Thumb Code     0  __dczerorl2.o(.text)
    __decompress1                            0x08015e3f   Thumb Code    86  __dczerorl2.o(.text)
    __0printf                                0x08015e95   Thumb Code    22  printfa.o(i.__0printf)
    __1printf                                0x08015e95   Thumb Code     0  printfa.o(i.__0printf)
    __2printf                                0x08015e95   Thumb Code     0  printfa.o(i.__0printf)
    __c89printf                              0x08015e95   Thumb Code     0  printfa.o(i.__0printf)
    printf                                   0x08015e95   Thumb Code     0  printfa.o(i.__0printf)
    __0vsprintf                              0x08015eb5   Thumb Code    30  printfa.o(i.__0vsprintf)
    __1vsprintf                              0x08015eb5   Thumb Code     0  printfa.o(i.__0vsprintf)
    __2vsprintf                              0x08015eb5   Thumb Code     0  printfa.o(i.__0vsprintf)
    __c89vsprintf                            0x08015eb5   Thumb Code     0  printfa.o(i.__0vsprintf)
    vsprintf                                 0x08015eb5   Thumb Code     0  printfa.o(i.__0vsprintf)
    __ARM_fpclassify                         0x08015ed9   Thumb Code    40  fpclassify.o(i.__ARM_fpclassify)
    __ARM_fpclassifyf                        0x08015f01   Thumb Code    38  fpclassifyf.o(i.__ARM_fpclassifyf)
    __ieee754_rem_pio2                       0x08015f29   Thumb Code   828  rred.o(i.__ieee754_rem_pio2)
    __kernel_cos                             0x080162b1   Thumb Code   230  cos_i.o(i.__kernel_cos)
    __kernel_poly                            0x080163ad   Thumb Code   170  poly.o(i.__kernel_poly)
    __kernel_sin                             0x08016459   Thumb Code   224  sin_i.o(i.__kernel_sin)
    __mathlib_dbl_divzero                    0x08016545   Thumb Code    12  dunder.o(i.__mathlib_dbl_divzero)
    __mathlib_dbl_infnan                     0x08016555   Thumb Code     6  dunder.o(i.__mathlib_dbl_infnan)
    __mathlib_dbl_infnan2                    0x0801655b   Thumb Code     4  dunder.o(i.__mathlib_dbl_infnan2)
    __mathlib_dbl_invalid                    0x0801655f   Thumb Code    12  dunder.o(i.__mathlib_dbl_invalid)
    __mathlib_dbl_underflow                  0x0801656d   Thumb Code    10  dunder.o(i.__mathlib_dbl_underflow)
    __mathlib_flt_infnan                     0x0801657d   Thumb Code     6  funder.o(i.__mathlib_flt_infnan)
    __mathlib_flt_infnan2                    0x08016583   Thumb Code     4  funder.o(i.__mathlib_flt_infnan2)
    __mathlib_flt_invalid                    0x08016587   Thumb Code     8  funder.o(i.__mathlib_flt_invalid)
    __mathlib_flt_underflow                  0x0801658f   Thumb Code    10  funder.o(i.__mathlib_flt_underflow)
    __mathlib_rredf2                         0x08016599   Thumb Code   344  rredf.o(i.__mathlib_rredf2)
    __scatterload_copy                       0x08016701   Thumb Code    14  handlers.o(i.__scatterload_copy)
    __scatterload_null                       0x0801670f   Thumb Code     2  handlers.o(i.__scatterload_null)
    __scatterload_zeroinit                   0x08016711   Thumb Code    14  handlers.o(i.__scatterload_zeroinit)
    __set_errno                              0x08016721   Thumb Code     6  errno.o(i.__set_errno)
    acos                                     0x08016fc9   Thumb Code   574  acos.o(i.acos)
    acosf                                    0x08017245   Thumb Code   242  acosf.o(i.acosf)
    asin                                     0x08017361   Thumb Code   572  asin.o(i.asin)
    asinf                                    0x080175d1   Thumb Code   254  asinf.o(i.asinf)
    atan                                     0x080176f5   Thumb Code   474  atan.o(i.atan)
    atan2                                    0x08017915   Thumb Code   346  atan2.o(i.atan2)
    atan2f                                   0x08017a95   Thumb Code   528  atan2f.o(i.atan2f)
    cos                                      0x08017cf1   Thumb Code   148  cos.o(i.cos)
    cosf                                     0x08017d8d   Thumb Code   328  cosf.o(i.cosf)
    log                                      0x08017f09   Thumb Code   808  log.o(i.log)
    sinf                                     0x08018265   Thumb Code   338  sinf.o(i.sinf)
    sqrt                                     0x080183ed   Thumb Code    76  sqrt.o(i.sqrt)
    sqrtf                                    0x08018439   Thumb Code    44  sqrtf.o(i.sqrtf)
    F6x8                                     0x08018464   Data         552  oled.o(.constdata)
    F8X16                                    0x0801868c   Data        1520  oled.o(.constdata)
    reg                                      0x08018c7c   Data          42  inv_mpu.o(.constdata)
    hw                                       0x08018ca6   Data          14  inv_mpu.o(.constdata)
    test                                     0x08018cb4   Data          48  inv_mpu.o(.constdata)
    sin_lookup                               0x08019adc   Data        1024  ml_math_func.o(.constdata)
    ml_ver                                   0x08019edc   Data          20  mpl.o(.constdata)
    __mathlib_zero                           0x0801a0b0   Data           8  qnan.o(.constdata)
    Region$$Table$$Base                      0x0801a218   Number         0  anon$$obj.o(Region$$Table)
    Region$$Table$$Limit                     0x0801a238   Number         0  anon$$obj.o(Region$$Table)
    SystemCoreClock                          0x20000000   Data           4  system_stm32f10x.o(.data)
    AHBPrescTable                            0x20000004   Data          16  system_stm32f10x.o(.data)
    tim1ch1                                  0x20000028   Data           2  main.o(.data)
    tim1ch4                                  0x2000002a   Data           2  main.o(.data)
    tim8ch1                                  0x2000002c   Data           2  main.o(.data)
    tim8ch2                                  0x2000002e   Data           2  main.o(.data)
    uart5_angle                              0x20000030   Data           8  main.o(.data)
    angleoffset                              0x20000038   Data           8  main.o(.data)
    pitch                                    0x20000040   Data           4  main.o(.data)
    roll                                     0x20000044   Data           4  main.o(.data)
    yaw                                      0x20000048   Data           4  main.o(.data)
    yaww_offset                              0x2000004c   Data           4  main.o(.data)
    yaww                                     0x20000050   Data           4  main.o(.data)
    flag_mid                                 0x20000054   Data           1  main.o(.data)
    flag_right                               0x20000055   Data           1  main.o(.data)
    flag_code                                0x20000056   Data           1  main.o(.data)
    code_count                               0x20000057   Data           1  main.o(.data)
    JG_distance                              0x20000058   Data           2  main.o(.data)
    UART_RxPtr                               0x20000060   Data           1  bsp_usart.o(.data)
    UART_RxPtr3                              0x20000064   Data           1  bsp_usart3.o(.data)
    rxtx_mode                                0x20000065   Data           1  bsp_usart3.o(.data)
    xx                                       0x20000068   Data           4  bsp_usart3.o(.data)
    yy                                       0x2000006c   Data           4  bsp_usart3.o(.data)
    ii                                       0x20000070   Data           4  bsp_usart3.o(.data)
    jj                                       0x20000074   Data           4  bsp_usart3.o(.data)
    TIM_PscCLK                               0x20000084   Data           4  tim2.o(.data)
    CaptureNumberA1                          0x20000088   Data           4  tim3.o(.data)
    CaptureNumberA2                          0x2000008c   Data           4  tim3.o(.data)
    CaptureNumberB1                          0x20000090   Data           4  tim3.o(.data)
    CaptureNumberB2                          0x20000094   Data           4  tim3.o(.data)
    MotorSpeed                               0x20000098   Data           4  tim4.o(.data)
    quanju_x                                 0x200000ac   Data           4  tim4.o(.data)
    quanju_y                                 0x200000b0   Data           4  tim4.o(.data)
    pp_data                                  0x200000b4   Data           1  tim4.o(.data)
    motor_mode                               0x200000b5   Data           1  tim6.o(.data)
    uart5_receice                            0x200000b6   Data           8  uart5.o(.data)
    uart5_mode                               0x200000be   Data           1  uart5.o(.data)
    uart5_count                              0x200000bf   Data           1  uart5.o(.data)
    qd_code                                  0x200000c0   Data           2  uart5.o(.data)
    order_1                                  0x200000c2   Data           1  uart5.o(.data)
    order_2                                  0x200000c3   Data           1  uart5.o(.data)
    color_mid                                0x200000c4   Data           1  uart5.o(.data)
    color_right                              0x200000c5   Data           1  uart5.o(.data)
    color_mode                               0x200000c6   Data           2  uart5.o(.data)
    color_shunjian                           0x200000c8   Data           1  uart5.o(.data)
    Openmv_Mode                              0x200000c9   Data           1  openmv.o(.data)
    mpl_key                                  0x200000cc   Data           4  inv_mpu.o(.data)
    compass_low_pass_filter_coeff            0x2000011c   Data          20  hal_outputs.o(.data)
    __stdout                                 0x20000144   Data           4  stdout.o(.data)
    UART_RxBuffer                            0x2000014c   Data         256  bsp_usart.o(.bss)
    status                                   0x2000024c   Data          14  led.o(.bss)
    hongwaiflags                             0x2000025c   Data          20  led.o(.bss)
    ultrasonic3                              0x20000270   Data          16  tim2.o(.bss)
    ultrasonic4                              0x20000280   Data          16  tim2.o(.bss)
    sPID1                                    0x20000290   Data          64  tim4.o(.bss)
    sPID2                                    0x200002d0   Data          64  tim4.o(.bss)
    sPID3                                    0x20000310   Data          64  tim4.o(.bss)
    sPID4                                    0x20000350   Data          64  tim4.o(.bss)
    cb                                       0x200009d8   Data         232  compass_vec_cal.o(.bss)
    cb_test                                  0x20000ac0   Data         232  compass_vec_cal.o(.bss)
    cb_sim                                   0x20000ba8   Data         232  compass_vec_cal.o(.bss)
    vc                                       0x20000c90   Data         424  compass_vec_cal.o(.bss)
    fnm                                      0x20000e38   Data         608  fast_no_motion.o(.bss)
    s9axis                                   0x200010d8   Data         312  fusion_9axis.o(.bss)
    mag_disturb                              0x200013d4   Data         184  mag_disturb.o(.bss)
    __initial_sp                             0x20001db0   Data           0  startup_stm32f10x_hd.o(STACK)



==============================================================================

Memory Map of the image

  Image Entry point : 0x08000131

  Load Region LR_IROM1 (Base: 0x08000000, Size: 0x0001a384, Max: 0x00080000, ABSOLUTE, COMPRESSED[0x0001a2b4])

    Execution Region ER_IROM1 (Base: 0x08000000, Size: 0x0001a238, Max: 0x00080000, ABSOLUTE)

    Base Addr    Size         Type   Attr      Idx    E Section Name        Object

    0x08000000   0x00000130   Data   RO            3    RESET               startup_stm32f10x_hd.o
    0x08000130   0x00000000   Code   RO         1754  * .ARM.Collect$$$$00000000  mc_w.l(entry.o)
    0x08000130   0x00000004   Code   RO         2134    .ARM.Collect$$$$00000001  mc_w.l(entry2.o)
    0x08000134   0x00000004   Code   RO         2137    .ARM.Collect$$$$00000004  mc_w.l(entry5.o)
    0x08000138   0x00000000   Code   RO         2139    .ARM.Collect$$$$00000008  mc_w.l(entry7b.o)
    0x08000138   0x00000000   Code   RO         2141    .ARM.Collect$$$$0000000A  mc_w.l(entry8b.o)
    0x08000138   0x00000008   Code   RO         2142    .ARM.Collect$$$$0000000B  mc_w.l(entry9a.o)
    0x08000140   0x00000000   Code   RO         2144    .ARM.Collect$$$$0000000D  mc_w.l(entry10a.o)
    0x08000140   0x00000000   Code   RO         2146    .ARM.Collect$$$$0000000F  mc_w.l(entry11a.o)
    0x08000140   0x00000004   Code   RO         2135    .ARM.Collect$$$$00002712  mc_w.l(entry2.o)
    0x08000144   0x00000024   Code   RO            4    .text               startup_stm32f10x_hd.o
    0x08000168   0x000001e0   Code   RO           24    .text               system_stm32f10x.o
    0x08000348   0x000000dc   Code   RO          121    .text               misc.o
    0x08000424   0x0000011c   Code   RO          233    .text               stm32f10x_exti.o
    0x08000540   0x0000035c   Code   RO          269    .text               stm32f10x_gpio.o
    0x0800089c   0x000003a4   Code   RO          317    .text               stm32f10x_rcc.o
    0x08000c40   0x00000e1a   Code   RO          367    .text               stm32f10x_tim.o
    0x08001a5a   0x00000002   PAD
    0x08001a5c   0x00000408   Code   RO          379    .text               stm32f10x_usart.o
    0x08001e64   0x000003f4   Code   RO          403    .text               main.o
    0x08002258   0x00000020   Code   RO          532    .text               stm32f10x_it.o
    0x08002278   0x00000120   Code   RO          547    .text               bsp_systick.o
    0x08002398   0x000001d4   Code   RO          565    .text               bsp_usart.o
    0x0800256c   0x000001d4   Code   RO          584    .text               bsp_usart3.o
    0x08002740   0x000004be   Code   RO          604    .text               key.o
    0x08002bfe   0x00000002   PAD
    0x08002c00   0x0000004c   Code   RO          621    .text               led.o
    0x08002c4c   0x00001170   Code   RO          639    .text               tim1.o
    0x08003dbc   0x00000318   Code   RO          652    .text               tim2.o
    0x080040d4   0x000001d8   Code   RO          672    .text               tim3.o
    0x080042ac   0x00000c74   Code   RO          687    .text               tim4.o
    0x08004f20   0x00000488   Code   RO          704    .text               tim6.o
    0x080053a8   0x000002cc   Code   RO          727    .text               tim8.o
    0x08005674   0x00000bf4   Code   RO          740    .text               oled.o
    0x08006268   0x000003d4   Code   RO          776    .text               iic.o
    0x0800663c   0x00000044   Code   RO          836    .text               hongwai.o
    0x08006680   0x00000160   Code   RO          848    .text               uart4.o
    0x080067e0   0x000004ac   Code   RO          951    .text               uart5.o
    0x08006c8c   0x00000e8c   Code   RO          980    .text               motor.o
    0x08007b18   0x00000494   Code   RO          993    .text               tim7.o
    0x08007fac   0x00000200   Code   RO         1006    .text               steer.o
    0x080081ac   0x00000204   Code   RO         1018    .text               new_struct.o
    0x080083b0   0x00000328   Code   RO         1030    .text               openmv.o
    0x080086d8   0x00000410   Code   RO         1046    .text               alientek.o
    0x08008ae8   0x00003b3c   Code   RO         1058    .text               inv_mpu.o
    0x0800c624   0x00000d70   Code   RO         1175    .text               inv_mpu_dmp_motion_driver.o
    0x0800d394   0x0000031c   Code   RO         1196    .text               log_stm32.o
    0x0800d6b0   0x000004d4   Code   RO         1217    .text               empl_outputs.o
    0x0800db84   0x00000c68   Code   RO         1237    .text               data_builder.o
    0x0800e7ec   0x000006a0   Code   RO         1261    .text               hal_outputs.o
    0x0800ee8c   0x0000002c   Code   RO         1277    .text               message_layer.o
    0x0800eeb8   0x00000f38   Code   RO         1291    .text               ml_math_func.o
    0x0800fdf0   0x000000f4   Code   RO         1321    .text               mpl.o
    0x0800fee4   0x000003e4   Code   RO         1342    .text               results_holder.o
    0x080102c8   0x000000b8   Code   RO         1356    .text               start_manager.o
    0x08010380   0x00000224   Code   RO         1370    .text               storage_manager.o
    0x080105a4   0x00001e5c   Code   RO         1384    .text               libmpllib.lib(compass_vec_cal.o)
    0x08012400   0x000009f4   Code   RO         1474    .text               libmpllib.lib(fast_no_motion.o)
    0x08012df4   0x0000065c   Code   RO         1507    .text               libmpllib.lib(fusion_9axis.o)
    0x08013450   0x000004bc   Code   RO         1529    .text               libmpllib.lib(gyro_tc.o)
    0x0801390c   0x00000550   Code   RO         1547    .text               libmpllib.lib(mag_disturb.o)
    0x08013e5c   0x00000940   Code   RO         1569    .text               libmpllib.lib(quaternion_supervisor.o)
    0x0801479c   0x00000aec   Code   RO         1587    .text               libmpllib.lib(accel_auto_cal.o)
    0x08015288   0x00000062   Code   RO         1757    .text               mc_w.l(ldiv.o)
    0x080152ea   0x0000001e   Code   RO         1759    .text               mc_w.l(llshl.o)
    0x08015308   0x00000024   Code   RO         1761    .text               mc_w.l(llsshr.o)
    0x0801532c   0x00000040   Code   RO         1765    .text               mc_w.l(memmovea.o)
    0x0801536c   0x00000024   Code   RO         1767    .text               mc_w.l(memseta.o)
    0x08015390   0x0000001a   Code   RO         1769    .text               mc_w.l(memcmp.o)
    0x080153aa   0x000000b0   Code   RO         2036    .text               mf_w.l(fadd.o)
    0x0801545a   0x00000064   Code   RO         2038    .text               mf_w.l(fmul.o)
    0x080154be   0x0000007c   Code   RO         2040    .text               mf_w.l(fdiv.o)
    0x0801553a   0x00000018   Code   RO         2042    .text               mf_w.l(fscalb.o)
    0x08015552   0x0000014e   Code   RO         2044    .text               mf_w.l(dadd.o)
    0x080156a0   0x000000e4   Code   RO         2046    .text               mf_w.l(dmul.o)
    0x08015784   0x000000de   Code   RO         2048    .text               mf_w.l(ddiv.o)
    0x08015862   0x0000002e   Code   RO         2050    .text               mf_w.l(dscalb.o)
    0x08015890   0x00000012   Code   RO         2052    .text               mf_w.l(fflti.o)
    0x080158a2   0x0000000a   Code   RO         2054    .text               mf_w.l(ffltui.o)
    0x080158ac   0x0000002c   Code   RO         2056    .text               mf_w.l(ffltl.o)
    0x080158d8   0x00000022   Code   RO         2058    .text               mf_w.l(dflti.o)
    0x080158fa   0x00000032   Code   RO         2060    .text               mf_w.l(ffixi.o)
    0x0801592c   0x00000028   Code   RO         2062    .text               mf_w.l(ffixui.o)
    0x08015954   0x00000042   Code   RO         2064    .text               mf_w.l(ffixl.o)
    0x08015996   0x0000003e   Code   RO         2066    .text               mf_w.l(dfixi.o)
    0x080159d4   0x00000026   Code   RO         2070    .text               mf_w.l(f2d.o)
    0x080159fa   0x00000002   PAD
    0x080159fc   0x00000030   Code   RO         2072    .text               mf_w.l(cdcmple.o)
    0x08015a2c   0x00000030   Code   RO         2074    .text               mf_w.l(cdrcmple.o)
    0x08015a5c   0x00000038   Code   RO         2076    .text               mf_w.l(d2f.o)
    0x08015a94   0x00000014   Code   RO         2078    .text               mf_w.l(cfcmple.o)
    0x08015aa8   0x00000014   Code   RO         2080    .text               mf_w.l(cfrcmple.o)
    0x08015abc   0x0000002c   Code   RO         2149    .text               mc_w.l(uidiv.o)
    0x08015ae8   0x00000062   Code   RO         2151    .text               mc_w.l(uldiv.o)
    0x08015b4a   0x00000020   Code   RO         2153    .text               mc_w.l(llushr.o)
    0x08015b6a   0x00000000   Code   RO         2162    .text               mc_w.l(iusefp.o)
    0x08015b6a   0x0000006e   Code   RO         2163    .text               mf_w.l(fepilogue.o)
    0x08015bd8   0x0000005e   Code   RO         2165    .text               mf_w.l(fsqrt.o)
    0x08015c36   0x0000003c   Code   RO         2167    .text               mf_w.l(frnd.o)
    0x08015c72   0x000000ba   Code   RO         2169    .text               mf_w.l(depilogue.o)
    0x08015d2c   0x000000a2   Code   RO         2171    .text               mf_w.l(dsqrt.o)
    0x08015dce   0x00000030   Code   RO         2173    .text               mf_w.l(dfixul.o)
    0x08015dfe   0x00000002   PAD
    0x08015e00   0x00000024   Code   RO         2175    .text               mc_w.l(init.o)
    0x08015e24   0x0000001a   Code   RO         2177    .text               mf_w.l(dfltui.o)
    0x08015e3e   0x00000056   Code   RO         2187    .text               mc_w.l(__dczerorl2.o)
    0x08015e94   0x00000020   Code   RO         2008    i.__0printf         mc_w.l(printfa.o)
    0x08015eb4   0x00000024   Code   RO         2014    i.__0vsprintf       mc_w.l(printfa.o)
    0x08015ed8   0x00000028   Code   RO         2099    i.__ARM_fpclassify  m_ws.l(fpclassify.o)
    0x08015f00   0x00000026   Code   RO         2101    i.__ARM_fpclassifyf  m_ws.l(fpclassifyf.o)
    0x08015f26   0x00000002   PAD
    0x08015f28   0x00000388   Code   RO         2120    i.__ieee754_rem_pio2  m_ws.l(rred.o)
    0x080162b0   0x000000fc   Code   RO         2082    i.__kernel_cos      m_ws.l(cos_i.o)
    0x080163ac   0x000000aa   Code   RO         2117    i.__kernel_poly     m_ws.l(poly.o)
    0x08016456   0x00000002   PAD
    0x08016458   0x000000ec   Code   RO         2128    i.__kernel_sin      m_ws.l(sin_i.o)
    0x08016544   0x00000010   Code   RO         2085    i.__mathlib_dbl_divzero  m_ws.l(dunder.o)
    0x08016554   0x00000006   Code   RO         2086    i.__mathlib_dbl_infnan  m_ws.l(dunder.o)
    0x0801655a   0x00000004   Code   RO         2087    i.__mathlib_dbl_infnan2  m_ws.l(dunder.o)
    0x0801655e   0x0000000c   Code   RO         2088    i.__mathlib_dbl_invalid  m_ws.l(dunder.o)
    0x0801656a   0x00000002   PAD
    0x0801656c   0x00000010   Code   RO         2091    i.__mathlib_dbl_underflow  m_ws.l(dunder.o)
    0x0801657c   0x00000006   Code   RO         2104    i.__mathlib_flt_infnan  m_ws.l(funder.o)
    0x08016582   0x00000004   Code   RO         2105    i.__mathlib_flt_infnan2  m_ws.l(funder.o)
    0x08016586   0x00000008   Code   RO         2106    i.__mathlib_flt_invalid  m_ws.l(funder.o)
    0x0801658e   0x0000000a   Code   RO         2109    i.__mathlib_flt_underflow  m_ws.l(funder.o)
    0x08016598   0x00000168   Code   RO         2125    i.__mathlib_rredf2  m_ws.l(rredf.o)
    0x08016700   0x0000000e   Code   RO         2181    i.__scatterload_copy  mc_w.l(handlers.o)
    0x0801670e   0x00000002   Code   RO         2182    i.__scatterload_null  mc_w.l(handlers.o)
    0x08016710   0x0000000e   Code   RO         2183    i.__scatterload_zeroinit  mc_w.l(handlers.o)
    0x0801671e   0x00000002   PAD
    0x08016720   0x0000000c   Code   RO         2157    i.__set_errno       mc_w.l(errno.o)
    0x0801672c   0x00000164   Code   RO         2015    i._fp_digits        mc_w.l(printfa.o)
    0x08016890   0x000006dc   Code   RO         2016    i._printf_core      mc_w.l(printfa.o)
    0x08016f6c   0x00000024   Code   RO         2017    i._printf_post_padding  mc_w.l(printfa.o)
    0x08016f90   0x0000002e   Code   RO         2018    i._printf_pre_padding  mc_w.l(printfa.o)
    0x08016fbe   0x0000000a   Code   RO         2020    i._sputc            mc_w.l(printfa.o)
    0x08016fc8   0x0000027c   Code   RO         1617    i.acos              m_ws.l(acos.o)
    0x08017244   0x0000011c   Code   RO         1627    i.acosf             m_ws.l(acosf.o)
    0x08017360   0x00000270   Code   RO         1635    i.asin              m_ws.l(asin.o)
    0x080175d0   0x00000124   Code   RO         1645    i.asinf             m_ws.l(asinf.o)
    0x080176f4   0x00000220   Code   RO         1653    i.atan              m_ws.l(atan.o)
    0x08017914   0x00000180   Code   RO         1663    i.atan2             m_ws.l(atan2.o)
    0x08017a94   0x0000025c   Code   RO         1671    i.atan2f            m_ws.l(atan2f.o)
    0x08017cf0   0x0000009c   Code   RO         1683    i.cos               m_ws.l(cos.o)
    0x08017d8c   0x0000017c   Code   RO         1691    i.cosf              m_ws.l(cosf.o)
    0x08017f08   0x0000035c   Code   RO         1703    i.log               m_ws.l(log.o)
    0x08018264   0x00000188   Code   RO         1731    i.sinf              m_ws.l(sinf.o)
    0x080183ec   0x0000004c   Code   RO         1739    i.sqrt              m_ws.l(sqrt.o)
    0x08018438   0x0000002c   Code   RO         1747    i.sqrtf             m_ws.l(sqrtf.o)
    0x08018464   0x00000818   Data   RO          741    .constdata          oled.o
    0x08018c7c   0x00000268   Data   RO         1059    .constdata          inv_mpu.o
    0x08018ee4   0x00000bf6   Data   RO         1177    .constdata          inv_mpu_dmp_motion_driver.o
    0x08019ada   0x00000002   PAD
    0x08019adc   0x00000400   Data   RO         1292    .constdata          ml_math_func.o
    0x08019edc   0x0000002f   Data   RO         1322    .constdata          mpl.o
    0x08019f0b   0x00000005   PAD
    0x08019f10   0x00000050   Data   RO         1618    .constdata          m_ws.l(acos.o)
    0x08019f60   0x00000050   Data   RO         1636    .constdata          m_ws.l(asin.o)
    0x08019fb0   0x00000098   Data   RO         1654    .constdata          m_ws.l(atan.o)
    0x0801a048   0x00000038   Data   RO         1704    .constdata          m_ws.l(log.o)
    0x0801a080   0x00000030   Data   RO         2083    .constdata          m_ws.l(cos_i.o)
    0x0801a0b0   0x00000008   Data   RO         2119    .constdata          m_ws.l(qnan.o)
    0x0801a0b8   0x000000c8   Data   RO         2122    .constdata          m_ws.l(rred.o)
    0x0801a180   0x00000020   Data   RO         2126    .constdata          m_ws.l(rredf.o)
    0x0801a1a0   0x00000028   Data   RO         2129    .constdata          m_ws.l(sin_i.o)
    0x0801a1c8   0x00000009   Data   RO         1060    .conststring        inv_mpu.o
    0x0801a1d1   0x00000003   PAD
    0x0801a1d4   0x00000044   Data   RO         1239    .conststring        data_builder.o
    0x0801a218   0x00000020   Data   RO         2179    Region$$Table       anon$$obj.o


    Execution Region RW_IRAM1 (Base: 0x20000000, Size: 0x00001db0, Max: 0x00010000, ABSOLUTE, COMPRESSED[0x0000007c])

    Base Addr    Size         Type   Attr      Idx    E Section Name        Object

    0x20000000   0x00000014   Data   RW           25    .data               system_stm32f10x.o
    0x20000014   0x00000014   Data   RW          318    .data               stm32f10x_rcc.o
    0x20000028   0x00000032   Data   RW          404    .data               main.o
    0x2000005a   0x00000002   PAD
    0x2000005c   0x00000004   Data   RW          548    .data               bsp_systick.o
    0x20000060   0x00000001   Data   RW          567    .data               bsp_usart.o
    0x20000061   0x00000003   PAD
    0x20000064   0x0000001d   Data   RW          586    .data               bsp_usart3.o
    0x20000081   0x00000003   PAD
    0x20000084   0x00000004   Data   RW          654    .data               tim2.o
    0x20000088   0x00000010   Data   RW          673    .data               tim3.o
    0x20000098   0x0000001d   Data   RW          689    .data               tim4.o
    0x200000b5   0x00000001   Data   RW          705    .data               tim6.o
    0x200000b6   0x00000013   Data   RW          952    .data               uart5.o
    0x200000c9   0x00000001   Data   RW         1031    .data               openmv.o
    0x200000ca   0x00000002   PAD
    0x200000cc   0x0000004e   Data   RW         1061    .data               inv_mpu.o
    0x2000011a   0x00000002   PAD
    0x2000011c   0x00000014   Data   RW         1263    .data               hal_outputs.o
    0x20000130   0x00000004   Data   RW         1278    .data               message_layer.o
    0x20000134   0x00000010   Data   RW         1386    .data               libmpllib.lib(compass_vec_cal.o)
    0x20000144   0x00000004   Data   RW         2148    .data               mc_w.l(stdout.o)
    0x20000148   0x00000004   Data   RW         2158    .data               mc_w.l(errno.o)
    0x2000014c   0x00000100   Zero   RW          566    .bss                bsp_usart.o
    0x2000024c   0x00000024   Zero   RW          622    .bss                led.o
    0x20000270   0x00000020   Zero   RW          653    .bss                tim2.o
    0x20000290   0x00000100   Zero   RW          688    .bss                tim4.o
    0x20000390   0x00000010   Zero   RW         1176    .bss                inv_mpu_dmp_motion_driver.o
    0x200003a0   0x00000028   Zero   RW         1218    .bss                empl_outputs.o
    0x200003c8   0x000002d8   Zero   RW         1238    .bss                data_builder.o
    0x200006a0   0x000000c4   Zero   RW         1262    .bss                hal_outputs.o
    0x20000764   0x00000088   Zero   RW         1343    .bss                results_holder.o
    0x200007ec   0x00000054   Zero   RW         1357    .bss                start_manager.o
    0x20000840   0x00000198   Zero   RW         1371    .bss                storage_manager.o
    0x200009d8   0x00000460   Zero   RW         1385    .bss                libmpllib.lib(compass_vec_cal.o)
    0x20000e38   0x000002a0   Zero   RW         1475    .bss                libmpllib.lib(fast_no_motion.o)
    0x200010d8   0x00000138   Zero   RW         1508    .bss                libmpllib.lib(fusion_9axis.o)
    0x20001210   0x000001c4   Zero   RW         1530    .bss                libmpllib.lib(gyro_tc.o)
    0x200013d4   0x000000b8   Zero   RW         1548    .bss                libmpllib.lib(mag_disturb.o)
    0x2000148c   0x0000006c   Zero   RW         1570    .bss                libmpllib.lib(quaternion_supervisor.o)
    0x200014f8   0x000004b8   Zero   RW         1588    .bss                libmpllib.lib(accel_auto_cal.o)
    0x200019b0   0x00000400   Zero   RW            1    STACK               startup_stm32f10x_hd.o


==============================================================================

Image component sizes


      Code (inc. data)   RO Data    RW Data    ZI Data      Debug   Object Name

      1040         20          0          0          0       4552   alientek.o
       288         20          0          4          0      17307   bsp_systick.o
       468         16          0          1        256       3290   bsp_usart.o
       468         30          0         29          0       2239   bsp_usart3.o
         0          0          0          0          0       4496   core_cm3.o
      3176         72         68          0        728      18302   data_builder.o
      1236         44          0          0         40       8853   empl_outputs.o
      1696         30          0         20        196       6699   hal_outputs.o
         0          0          0          0          0        384   hmc5983.o
        68          8          0          0          0        547   hongwai.o
       980          6          0          0          0       3932   iic.o
     15164       1264        625         78          0      33115   inv_mpu.o
      3440        126       3062          0         16      15171   inv_mpu_dmp_motion_driver.o
      1214         22          0          0          0      17084   key.o
        76          6          0          0         36       2985   led.o
       796         18          0          0          0       5520   log_stm32.o
      1012        240          0         50          0      10399   main.o
        44          4          0          4          0       1526   message_layer.o
       220         22          0          0          0       1917   misc.o
      3896         54       1024          0          0      15325   ml_math_func.o
      3724        196          0          0          0       5910   motor.o
       244         62         47          0          0       2198   mpl.o
       516         10          0          0          0       1785   new_struct.o
      3060         22       2072          0          0      12179   oled.o
       808         38          0          1          0       2288   openmv.o
       996         10          0          0        136       9373   results_holder.o
       184          6          0          0         84       2318   start_manager.o
        36          8        304          0       1024        896   startup_stm32f10x_hd.o
       512         10          0          0          0       1979   steer.o
       284         10          0          0          0       2347   stm32f10x_exti.o
       860         38          0          0          0       5757   stm32f10x_gpio.o
        32          0          0          0          0       1342   stm32f10x_it.o
       932         36          0         20          0       8976   stm32f10x_rcc.o
      3610         88          0          0          0      22244   stm32f10x_tim.o
      1032         22          0          0          0       8484   stm32f10x_usart.o
       548          6          0          0        408       3606   storage_manager.o
       480         38          0         20          0     252967   system_stm32f10x.o
      4464        230          0          0          0       5994   tim1.o
       792         78          0          4         32       3721   tim2.o
       472         30          0         16          0       1762   tim3.o
      3188        152          0         29        256       6724   tim4.o
      1160         70          0          1          0       1953   tim6.o
      1172         70          0          0          0       1664   tim7.o
       716         62          0          0          0       1603   tim8.o
       352         18          0          0          0       1136   uart4.o
      1196         64          0         19          0       3055   uart5.o

    ----------------------------------------------------------------------
     66656       3376       7244        308       3212     545904   Object Totals
         0          0         32          0          0          0   (incl. Generated)
         4          0         10         12          0          0   (incl. Padding)

    ----------------------------------------------------------------------

      Code (inc. data)   RO Data    RW Data    ZI Data      Debug   Library Member Name

      2796        150          0          0       1208       9108   accel_auto_cal.o
      7772        154          0         16       1120      19264   compass_vec_cal.o
      2548         42          0          0        672      13408   fast_no_motion.o
      1628         54          0          0        312       5308   fusion_9axis.o
      1212         30          0          0        452       5515   gyro_tc.o
      1360         46          0          0        184       7270   mag_disturb.o
      2368        102          0          0        108       5409   quaternion_supervisor.o
       636         62         80          0          0        188   acos.o
       284         42          0          0          0        120   acosf.o
       624         52         80          0          0        168   asin.o
       292         38          0          0          0        120   asinf.o
       544         70        152          0          0        124   atan.o
       384         38          0          0          0        144   atan2.o
       604         76          0          0          0        116   atan2f.o
       156          8          0          0          0        104   cos.o
       252         22         48          0          0        124   cos_i.o
       380         52          0          0          0        124   cosf.o
        54         10          0          0          0        340   dunder.o
        40          0          0          0          0         68   fpclassify.o
        38          0          0          0          0         68   fpclassifyf.o
        28          0          0          0          0        272   funder.o
       860         52         56          0          0        256   log.o
       170          0          0          0          0         96   poly.o
         0          0          8          0          0          0   qnan.o
       904         76        200          0          0        140   rred.o
       360         16         32          0          0         88   rredf.o
       236         12         40          0          0        128   sin_i.o
       392         54          0          0          0        124   sinf.o
        76          0          0          0          0         84   sqrt.o
        44          0          0          0          0         80   sqrtf.o
        86          0          0          0          0          0   __dczerorl2.o
         0          0          0          0          0          0   entry.o
         0          0          0          0          0          0   entry10a.o
         0          0          0          0          0          0   entry11a.o
         8          4          0          0          0          0   entry2.o
         4          0          0          0          0          0   entry5.o
         0          0          0          0          0          0   entry7b.o
         0          0          0          0          0          0   entry8b.o
         8          4          0          0          0          0   entry9a.o
        12          6          0          4          0         68   errno.o
        30          0          0          0          0          0   handlers.o
        36          8          0          0          0         68   init.o
         0          0          0          0          0          0   iusefp.o
        98          0          0          0          0         84   ldiv.o
        30          0          0          0          0         68   llshl.o
        36          0          0          0          0         68   llsshr.o
        32          0          0          0          0         68   llushr.o
        26          0          0          0          0         80   memcmp.o
        64          0          0          0          0         76   memmovea.o
        36          0          0          0          0        108   memseta.o
      2272         96          0          0          0        592   printfa.o
         0          0          0          4          0          0   stdout.o
        44          0          0          0          0         80   uidiv.o
        98          0          0          0          0         92   uldiv.o
        48          0          0          0          0         68   cdcmple.o
        48          0          0          0          0         68   cdrcmple.o
        20          0          0          0          0         68   cfcmple.o
        20          0          0          0          0         68   cfrcmple.o
        56          0          0          0          0         88   d2f.o
       334          0          0          0          0        148   dadd.o
       222          0          0          0          0        100   ddiv.o
       186          0          0          0          0        176   depilogue.o
        62          0          0          0          0         80   dfixi.o
        48          0          0          0          0         68   dfixul.o
        34          0          0          0          0         76   dflti.o
        26          0          0          0          0         76   dfltui.o
       228          0          0          0          0         96   dmul.o
        46          0          0          0          0         80   dscalb.o
       162          0          0          0          0        100   dsqrt.o
        38          0          0          0          0         68   f2d.o
       176          0          0          0          0        140   fadd.o
       124          0          0          0          0         88   fdiv.o
       110          0          0          0          0        168   fepilogue.o
        50          0          0          0          0         68   ffixi.o
        66          0          0          0          0         76   ffixl.o
        40          0          0          0          0         68   ffixui.o
        18          0          0          0          0         68   fflti.o
        44          0          0          0          0         92   ffltl.o
        10          0          0          0          0         68   ffltui.o
       100          0          0          0          0         76   fmul.o
        60          0          0          0          0         76   frnd.o
        24          0          0          0          0         68   fscalb.o
        94          0          0          0          0         96   fsqrt.o

    ----------------------------------------------------------------------
     32468       1376        696         24       4056      72390   Library Totals
        12          0          0          0          0          0   (incl. Padding)

    ----------------------------------------------------------------------

      Code (inc. data)   RO Data    RW Data    ZI Data      Debug   Library Name

     19684        578          0         16       4056      65282   libmpllib.lib
      7358        680        696          0          0       3076   m_ws.l
      2920        118          0          8          0       1452   mc_w.l
      2494          0          0          0          0       2580   mf_w.l

    ----------------------------------------------------------------------
     32468       1376        696         24       4056      72390   Library Totals

    ----------------------------------------------------------------------

==============================================================================


      Code (inc. data)   RO Data    RW Data    ZI Data      Debug   

     99124       4752       7940        332       7268     609894   Grand Totals
     99124       4752       7940        124       7268     609894   ELF Image Totals (compressed)
     99124       4752       7940        124          0          0   ROM Totals

==============================================================================

    Total RO  Size (Code + RO Data)               107064 ( 104.55kB)
    Total RW  Size (RW Data + ZI Data)              7600 (   7.42kB)
    Total ROM Size (Code + RO Data + RW Data)     107188 ( 104.68kB)

==============================================================================

